6,172.29.9.146,38856,172.29.9.147,8010,0.139,7,1554,6,669
6,172.29.9.146,38856,172.29.9.147,8009,0.139,7,1554,6,669
