6,127.0.0.1,44205,127.0.1.1,5672,0.192,54,10859,54,3564
6,127.0.1.1,5672,127.0.0.1,44204,0.192,13,4327,9,699
6,127.0.0.1,44206,127.0.1.1,5672,0.192,15,3075,15,990
