6,10.201.9.245,50957,10.201.9.11,3868,0.237,3,1174,3,806
