6,192.168.43.167,50258,134.119.26.24,443,0.91,8,780,10,7735
6,192.168.43.167,50233,134.119.26.24,443,0.91,18,1788,21,14580
6,192.168.43.167,50253,134.119.26.24,443,0.91,8,780,10,7735
6,192.168.43.167,50259,134.119.26.24,443,0.91,18,1988,18,9290
