17,192.168.1.105,33189,192.168.1.254,53,5.121,2,156,2,588
17,192.168.1.105,17500,192.168.1.255,17500,0.121,6,1422,0,0
17,192.168.1.6,17500,192.168.1.255,17500,0.121,3,630,0,0
17,192.168.1.64,17500,192.168.1.255,17500,0.121,3,615,0,0
17,192.168.1.105,36173,192.168.1.254,53,5.121,4,312,4,1078
17,192.168.1.105,50789,192.168.1.254,53,5.121,2,146,2,646
17,192.168.1.105,55407,192.168.1.254,53,5.121,2,156,2,666
17,192.168.56.1,50318,192.168.56.101,17500,0.121,100,13960,100,6260
17,192.168.56.1,50312,192.168.56.101,17500,0.121,100,13947,100,6247
17,192.168.1.105,49112,192.168.1.254,53,5.121,2,162,2,612
17,192.168.1.105,17500,255.255.255.255,17500,0.121,6,1422,0,0
17,192.168.1.6,17500,255.255.255.255,17500,0.121,3,630,0,0
17,192.168.1.64,17500,255.255.255.255,17500,0.121,3,615,0,0
17,192.168.56.1,50311,192.168.56.101,17500,0.121,100,13910,100,6210
17,192.168.56.1,50319,192.168.56.101,17500,0.121,100,13921,100,6221
