6,192.168.2.92,41680,91.121.222.33,4444,0.42,20,2159,13,2456
6,192.168.2.92,57726,94.23.36.128,4444,0.42,478,52883,308,76667
