6,192.168.1.212,50695,90.130.70.73,25685,0.175,5,342,4,1477
6,192.168.1.212,50694,90.130.70.73,21,0.1,41,2892,27,2679
