6,192.168.0.77,47991,5.153.231.21,9418,0.226,41,3319,49,70686
