17,74.125.134.127,19305,10.89.61.13,56406,78.201,19,2774,0,0
