6,2a00:d40:1:3:7aac:c0ff:fea7:d4c,33062,2a00:1450:400b:c02::9a,443,0.91,1,86,1,86
6,2a00:d40:1:3:7aac:c0ff:fea7:d4c,37486,2a03:b0c0:3:d0::70:1001,443,91.26,11,1292,8,5722
6,2a00:d40:1:3:7aac:c0ff:fea7:d4c,37488,2a03:b0c0:3:d0::70:1001,443,91.26,10,1206,7,5636
6,2a00:d40:1:3:7aac:c0ff:fea7:d4c,37494,2a03:b0c0:3:d0::70:1001,443,91.26,10,1206,8,5722
6,2a00:d40:1:3:7aac:c0ff:fea7:d4c,37506,2a03:b0c0:3:d0::70:1001,443,91.26,14,3969,12,11648
6,2a00:d40:1:3:7aac:c0ff:fea7:d4c,40526,2a00:1450:4006:804::200e,443,0.91,1,86,1,86
6,2a00:d40:1:3:7aac:c0ff:fea7:d4c,41776,2a00:1450:4001:803::1017,443,0.91,7,860,7,1353
6,2a00:d40:1:3:7aac:c0ff:fea7:d4c,53132,2a02:26f0:ad:197::236,443,91.119,7,960,5,4227
6,2a00:d40:1:3:7aac:c0ff:fea7:d4c,53134,2a02:26f0:ad:197::236,443,91.119,6,874,4,4141
6,2a00:d40:1:3:7aac:c0ff:fea7:d4c,58660,2a00:1450:4006:803::2008,443,0.91,1,86,1,86
6,2a00:d40:1:3:7aac:c0ff:fea7:d4c,59690,2a00:1450:4001:803::1012,443,0.91,1,86,1,86
6,2a00:d40:1:3:7aac:c0ff:fea7:d4c,60124,2a02:26f0:ad:1a1::eed,443,0.91,1,86,1,86
6,2a00:d40:1:3:7aac:c0ff:fea7:d4c,40308,2a03:2880:1010:3f20:face:b00c::25de,443,0.91,1,86,1,86
17,2a00:d40:1:3:7aac:c0ff:fea7:d4c,45931,2a00:1450:4001:803::1017,443,188.126,33,7741,29,8236
17,2a00:d40:1:3:7aac:c0ff:fea7:d4c,55145,2a00:1450:400b:c02::5f,443,0.188,2,359,1,143
