6,192.168.110.131,2074,192.168.110.138,502,0.44,51,3366,51,3315
