6,192.168.2.148,53846,116.211.167.195,3333,0.42,24,4455,23,5862
6,192.168.2.148,46838,94.23.199.191,3333,0.42,159,143155,113,13204
