17,10.1.16.48,40737,230.200.201.23,1234,0.198,1,1362,0,0
