6,192.168.1.14,1176,207.46.108.39,1863,0.68,13,2202,0,0
6,192.168.1.14,1208,207.46.108.83,1863,0.68,43,7166,48,9557
6,192.168.1.14,1220,207.46.108.150,1863,0.68,2,163,14,2737
6,192.168.1.14,1037,207.46.107.149,1863,0.68,41,2425,55,6426
6,192.168.1.14,1217,207.46.108.41,1863,0.68,46,7655,19,3761
6,192.168.1.14,1221,207.46.108.59,1863,0.68,43,7062,40,7349
