17,192.168.2.134,48629,192.168.2.222,2057,0.128,10,13888,0,0
