6,192.168.1.7,51207,46.44.253.187,80,0.191,12,2238,8,2082
6,192.168.1.7,51215,46.44.253.187,8080,0.191,2202,1032520,2864,3652905
