17,192.168.43.12,41507,139.59.151.137,13680,0.159,49,7860,34,5699
17,192.168.43.18,13680,139.59.151.137,13680,0.159,62,11508,58,16664
6,192.168.1.77,60140,46.101.231.218,443,0.159,44,7514,51,7866
