17,172.17.156.76,61738,208.67.220.220,53,5.140,1,149,0,0