17,192.168.1.2,30000,212.242.33.36,40392,0.87,9,1926,0,0
17,192.168.1.2,30001,212.242.33.36,40393,0.165,1,146,0,0
17,192.168.1.2,5060,200.68.120.81,5060,0.100,15,7568,3,1944
17,192.168.1.2,5060,212.242.33.35,5060,0.100,53,21940,31,15635
