6,10.226.202.118,1770,10.226.202.53,9000,0.207,10,670,7,474
