6,10.8.0.1,56193,74.125.136.141,443,91.199,9,2290,8,1653
6,10.8.0.1,44536,74.125.136.141,443,91.199,9,2345,8,1032
6,10.8.0.1,33233,74.125.136.141,443,91.126,11,1910,11,969
