17,192.168.242.8,42253,192.168.242.255,32412,0.12,19,1197,0,0
