6,172.16.238.1,58395,172.16.238.168,22,0.92,159,15615,99,19931
