6,131.114.168.27,59244,185.83.218.112,55655,0.209,15,3169,11,2932
6,131.114.168.27,49290,185.83.218.112,55656,0.209,14,3812,13,3098
17,131.114.168.27,55655,185.83.218.112,55655,0.209,101,136966,29,32550
17,185.83.218.112,55656,131.114.168.27,55656,0.209,29,30038,105,139726
