17,192.168.1.1,17500,192.168.1.255,17500,0.121,10,1860,0,0
17,fe80::c583:1972:5728:7323,546,ff02::1:2,547,0.103,6,906,0,0
6,192.168.1.252,51174,212.83.155.250,443,0.163,16,3691,16,6740
6,192.168.1.252,51111,46.59.52.31,443,0.163,16,4858,18,6284
6,192.168.1.252,51175,91.143.93.242,443,0.163,17,5489,21,7031
6,192.168.1.252,51104,157.56.30.46,443,0.91,1,60,0,0
17,192.168.1.252,138,192.168.1.255,138,0.10,1,252,0,0
6,192.168.1.252,51112,38.229.70.53,443,0.163,580,145960,996,1242832
6,192.168.1.252,51176,38.229.70.53,443,0.163,693,181364,1133,1331914
6,192.168.1.252,51185,62.210.137.230,443,0.163,15,3634,14,6027
6,192.168.1.252,51110,91.143.93.242,443,0.163,62,22715,79,45823
