17,fe80::3441:3d24:6d30:a807,58932,ff02::c,3702,0.153,7,5026,0,0
17,192.168.61.66,58931,239.255.255.250,3702,0.153,7,4886,0,0
