6,95.237.48.208,51559,192.168.2.110,6900,0.89,684,54893,324,17720
6,95.237.48.208,59791,192.168.2.110,6900,0.89,2485,199101,1058,57444
