6,192.168.2.29,49674,185.60.216.53,443,91.242,161,189194,149,15728
6,192.168.2.29,49698,185.60.216.53,443,91.242,132,9906,178,237405
