17,192.168.2.1,17500,192.168.2.255,17500,0.121,2,1088,0,0
17,fe80::189c:c31b:1298:224,5353,ff02::fb,5353,0.8,1,111,0,0
17,192.168.2.4,61697,192.168.2.1,53,5.142,1,76,1,204
6,192.168.2.4,49205,17.173.66.102,443,91.140,24,15117,20,6254
17,0.0.0.0,68,255.255.255.255,67,0.18,6,2052,0,0
6,192.168.2.4,49206,158.85.58.15,5222,0.142,17,1794,13,1169
17,192.168.2.1,57621,192.168.2.255,57621,0.156,1,86,0,0
6,17.110.229.14,5223,192.168.2.4,49193,0.238,6,2095,0,0
17,192.168.2.4,5353,224.0.0.251,5353,0.8,1,91,0,0
