17,139.162.192.157,51820,192.168.0.14,36116,0.206,1362,518526,1037,215656
